npm warn Unknown env config "http-proxy". This will stop working in the next major version of npm.

> photon64@1.0.0 test
> node tools/jscheck.mjs && node --test tools/*.test.mjs

ok   zip stored roundtrip
ok   zip deflated roundtrip
ok   zip truncated csize rejected
ok   zip bad local offset rejected
ok   zip stored size lie rejected
ok   zip oversize usize rejected
ok   zip deflate size lie rejected
ok   zip expansion beyond declared budget rejected
ok   zip CRC mismatch rejected
ok   zip invalid local signature rejected
ok   zip encrypted flags rejected
ok   checkRomSize 64MB ok / 64MB+1 throws
ok   views cached, refreshed on buffer swap
ok   stateMeta backfills every slot
ok   stateMeta keeps existing meta
15 checks, 0 failures
✔ replay input supports all controller buttons and signed analog axes (2.660408ms)
✔ mistyped or unbounded replay inputs fail instead of silently changing gameplay (0.794571ms)
✔ timing summaries retain tail latency and reject empty or invalid evidence (0.612962ms)
✔ quit exits even while the caller keeps stdin open (135.066458ms)
✔ interactive core preserves a live machine, rejects invalid steps, and captures its VI (880.836153ms)
✔ actual WASM: same-cartridge replacement restores the latest battery write (66.762358ms)
✔ synchronous renderer initialization failure stops the session (3.082836ms)
✔ transaction abort keeps dirty progress and retry commits (5.82684ms)
✔ old save completion does not clear a later guest write (10.452801ms)
✔ temporary storage stays dirty and is visibly labelled (18.486594ms)
✔ state payload and metadata abort together; duplicate saves preserve running intent (17.245198ms)
✔ oversize file is rejected before arrayBuffer (2.29663ms)
✔ bounded decoder cancels on first over-budget chunk (2.481625ms)
✔ actual WASM: A/B loads queue; batteries and cached cartridge identities agree (40.210874ms)
✔ synchronous presentation failure stops fields and preserves battery export (3.343301ms)
✔ presentation resize preserves high-DPI aspect ratio while limiting allocation (11.069255ms)
✔ actual WASM: dirty reset survives power cycle; aborted reset retains progress (36.521206ms)
✔ actual WASM: state restore drains older saves and makes restored battery durable (858.78194ms)
✔ canonical SHA256 matches independent digest across byte orders and payload variants (22.40155ms)
✔ same header with different content has distinct caches and state keys (375.939642ms)
✔ verified legacy migration is atomic and retains a recoverable original (33.735825ms)
✔ latest file selection wins even when the first read finishes last (21.515009ms)
✔ state slot existence never reads compressed payloads (1.889902ms)
✔ obsolete scale failure cannot override a newer successful request (2.032217ms)
✔ audio initialization closes partial context and succeeds on retry (2.239304ms)
✔ audio resampler reports underruns and bounded overruns at 44.1/48 kHz (6.902946ms)
✔ four controllers retain ports through disconnect and reconnect (2.102108ms)
✔ cross-tab cartridge lock rejects a competing writer before replacing the game (26.278736ms)
✔ portable files reject cartridge and core mismatches before mutation (395.820966ms)
✔ save-medium backup restores atomically and keeps replaced progress recoverable (28.466303ms)
✔ actual WASM ROM reserve plateaus across repeated 8/32/64 MiB imports (2.133576ms)
✔ public queued loads snapshot caller bytes while owned file loads avoid a second payload copy (44.988664ms)
✔ lost renderer recovery releases the old device before software fallback (2.156179ms)
✔ zero checkpoints fails JS and Python gates (38.074732ms)
✔ missing checkpoint fails JS and Python gates (36.495742ms)
✔ duplicate checkpoint fails JS and Python gates (25.893699ms)
✔ runner error fails JS and Python gates (26.89901ms)
✔ VI difference fails JS and Python gates (29.485843ms)
✔ state mismatch fails JS and Python gates (22.792555ms)
✔ missing comparisons fails JS and Python gates (22.623863ms)
✔ missing primitive coverage fails JS and Python gates (22.134613ms)
✔ missing rendered framebuffer fails JS and Python gates (26.324782ms)
✔ color dc mismatch fails JS and Python gates (29.646434ms)
✔ color dh mismatch fails JS and Python gates (30.049464ms)
✔ depth dc mismatch fails JS and Python gates (23.123746ms)
✔ depth dh mismatch fails JS and Python gates (23.15231ms)
✔ clean JSON at byte zero and legacy prefixed JSON both pass (52.690241ms)
✔ malformed JSON and diagnostic SKIP cannot satisfy a required lane (53.491214ms)
✔ composed suite rejects process failure and empty / mismatched results (910.773323ms)
✔ full sync range includes every chunk tail (5.686137ms)
✔ rejected readback retains regions, destroys staging and never acknowledges (1.829109ms)
✔ submission failure also retains regions and destroys resources (0.423579ms)
✔ successful barrier applies bytes before acknowledging (5.393021ms)
✔ old generation completion cannot apply bytes after reset (0.739358ms)
✔ obsolete synchronization barrier cannot acknowledge a new generation (0.458374ms)
✔ lost device never acknowledges an empty synchronization barrier (0.400186ms)
✔ feedback snapshot offsets remain aligned for odd halfword counts (3.918583ms)
✔ negative apron and circular touched ranges include both ends (0.442535ms)
✔ debug readback map failure destroys its staging buffer (1.434353ms)
✔ asynchronous validation error blocks acknowledgement and records first cause (2.189421ms)
✔ partially built scale set is destroyed after pipeline rejection (1.081856ms)
✔ upload validation cannot be swallowed by an outer scale-build scope (0.611269ms)
✔ completed validation tails retain no nested submission history (3.329475ms)
✔ exact HD-at-1x checks reject aliased storage before execution (2.515018ms)
✔ full-size HD checks and explicit diagnostics pass the configuration gate (0.822493ms)
✔ release requires every exact named job including GPU and branded Safari (2.01751ms)
✔ Safari command journal accepts numeric timeout bodies and retains first errors (4.21706ms)
ℹ tests 67
ℹ suites 0
ℹ pass 67
ℹ fail 0
ℹ cancelled 0
ℹ skipped 0
ℹ todo 0
ℹ duration_ms 2218.023449
